{"sessionId": "d94e12", "runId": "pre-fix", "hypothesisId": "H0", "location": "app.py:startup", "message": "App started", "data": {"log_path": "C:\\Users\\Brindaa\\OneDrive\\Desktop\\Parkinsons\\debug-d94e12.log"}, "timestamp": 1773895515909}
{"sessionId": "d94e12", "runId": "pre-fix", "hypothesisId": "H0", "location": "app.py:startup", "message": "App started", "data": {"log_path": "C:\\Users\\Brindaa\\OneDrive\\Desktop\\Parkinsons\\debug-d94e12.log"}, "timestamp": 1773895530953}
{"sessionId": "d94e12", "runId": "pre-fix", "hypothesisId": "H0", "location": "app.py:startup", "message": "App started", "data": {"log_path": "C:\\Users\\Brindaa\\OneDrive\\Desktop\\Parkinsons\\debug-d94e12.log"}, "timestamp": 1773895532720}
{"sessionId": "d94e12", "runId": "pre-fix", "hypothesisId": "H4", "location": "app.py:load_audio", "message": "Audio loaded", "data": {"samples": 66150, "sr": 22050, "dtype": "float32"}, "timestamp": 1773895536493}
{"sessionId": "d94e12", "runId": "pre-fix", "hypothesisId": "H1", "location": "app.py:extract_features", "message": "Extracted features summary", "data": {"n_features": 22, "min": -6.849999904632568, "max": 154.1958041958042, "mean": 20.52757389118909, "first5": [131.16643902581194, 154.1958041958042, 108.62068965517241, 0.233273026544914, 0.002]}, "timestamp": 1773895537750}
{"sessionId": "d94e12", "runId": "pre-fix", "hypothesisId": "H2", "location": "app.py:scale_and_select", "message": "Scaled/selected feature vector", "data": {"scaler_loaded": true, "feature_indices_loaded": true, "scaled_len": 22, "scaled_min": -1.057803313389993, "scaled_max": 3.405385372814065}, "timestamp": 1773895537752}
{"sessionId": "d94e12", "runId": "pre-fix", "hypothesisId": "H3", "location": "app.py:predict", "message": "Model prediction raw outputs", "data": {"model_type": "<class 'utils.SimpleModel'>", "classes_": null, "prediction": 0, "decision_function": -119.97990957729989, "threshold_attr": 24.648900051937687}, "timestamp": 1773895537755}
{"sessionId": "d94e12", "runId": "pre-fix", "hypothesisId": "H0", "location": "app.py:startup", "message": "App started", "data": {"log_path": "C:\\Users\\Brindaa\\OneDrive\\Desktop\\Parkinsons\\debug-d94e12.log"}, "timestamp": 1773895885453}
{"sessionId": "d94e12", "runId": "pre-fix", "hypothesisId": "H0", "location": "app.py:startup", "message": "App started", "data": {"log_path": "C:\\Users\\Brindaa\\OneDrive\\Desktop\\Parkinsons\\debug-d94e12.log"}, "timestamp": 1773895891365}
{"sessionId": "d94e12", "runId": "pre-fix", "hypothesisId": "H0", "location": "app.py:startup", "message": "App started", "data": {"log_path": "C:\\Users\\Brindaa\\OneDrive\\Desktop\\Parkinsons\\debug-d94e12.log"}, "timestamp": 1773895892877}
{"sessionId": "d94e12", "runId": "pre-fix", "hypothesisId": "H4", "location": "app.py:load_audio", "message": "Audio loaded", "data": {"samples": 66150, "sr": 22050, "duration_s": 3.0, "dtype": "float32"}, "timestamp": 1773895897185}
{"sessionId": "d94e12", "runId": "pre-fix", "hypothesisId": "H1", "location": "app.py:extract_features", "message": "Extracted features summary", "data": {"n_features": 22, "min": -6.849999904632568, "max": 154.1958041958042, "mean": 20.52757389118909, "first5": [131.16643902581194, 154.1958041958042, 108.62068965517241, 0.233273026544914, 0.002]}, "timestamp": 1773895898226}
{"sessionId": "d94e12", "runId": "pre-fix", "hypothesisId": "H2", "location": "app.py:scale_and_select", "message": "Scaled/selected feature vector", "data": {"scaler_loaded": true, "feature_indices_loaded": true, "scaled_len": 22, "scaled_min": -1.057803313389993, "scaled_max": 3.405385372814065}, "timestamp": 1773895898227}
{"sessionId": "d94e12", "runId": "pre-fix", "hypothesisId": "H3", "location": "app.py:predict", "message": "Model prediction raw outputs", "data": {"model_type": "<class 'utils.SimpleModel'>", "classes_": null, "prediction": 0, "decision_function": -119.97990957729989, "threshold_attr": 24.648900051937687}, "timestamp": 1773895898229}
{"sessionId": "d94e12", "runId": "pre-fix", "hypothesisId": "H0", "location": "app.py:startup", "message": "App started", "data": {"log_path": "C:\\Users\\Brindaa\\OneDrive\\Desktop\\Parkinsons\\debug-d94e12.log"}, "timestamp": 1773895904661}
{"sessionId": "d94e12", "runId": "pre-fix", "hypothesisId": "H0", "location": "app.py:startup", "message": "App started", "data": {"log_path": "C:\\Users\\Brindaa\\OneDrive\\Desktop\\Parkinsons\\debug-d94e12.log"}, "timestamp": 1773895906955}
{"sessionId": "d94e12", "runId": "pre-fix", "hypothesisId": "H4", "location": "app.py:load_audio", "message": "Audio loaded", "data": {"samples": 66150, "sr": 22050, "duration_s": 3.0, "dtype": "float32"}, "timestamp": 1773895906983}
{"sessionId": "d94e12", "runId": "pre-fix", "hypothesisId": "H1", "location": "app.py:extract_features", "message": "Extracted features summary", "data": {"n_features": 22, "min": -6.849999904632568, "max": 154.1958041958042, "mean": 20.52757389118909, "first5": [131.16643902581194, 154.1958041958042, 108.62068965517241, 0.233273026544914, 0.002]}, "timestamp": 1773895907553}
{"sessionId": "d94e12", "runId": "pre-fix", "hypothesisId": "H2", "location": "app.py:scale_and_select", "message": "Scaled/selected feature vector", "data": {"scaler_loaded": true, "feature_indices_loaded": true, "scaled_len": 22, "scaled_min": -1.057803313389993, "scaled_max": 3.405385372814065}, "timestamp": 1773895907554}
{"sessionId": "d94e12", "runId": "pre-fix", "hypothesisId": "H3", "location": "app.py:predict", "message": "Model prediction raw outputs", "data": {"model_type": "<class 'utils.SimpleModel'>", "classes_": null, "prediction": 0, "decision_function": -119.97990957729989, "threshold_attr": 3.6}, "timestamp": 1773895907557}
{"sessionId": "d94e12", "runId": "pre-fix", "hypothesisId": "H0", "location": "app.py:startup", "message": "App started", "data": {"log_path": "C:\\Users\\Brindaa\\OneDrive\\Desktop\\Parkinsons\\debug-d94e12.log"}, "timestamp": 1773895909539}
{"sessionId": "d94e12", "runId": "pre-fix", "hypothesisId": "H0", "location": "app.py:startup", "message": "App started", "data": {"log_path": "C:\\Users\\Brindaa\\OneDrive\\Desktop\\Parkinsons\\debug-d94e12.log"}, "timestamp": 1773895911561}
{"sessionId": "d94e12", "runId": "pre-fix", "hypothesisId": "H4", "location": "app.py:load_audio", "message": "Audio loaded", "data": {"samples": 66150, "sr": 22050, "duration_s": 3.0, "dtype": "float32"}, "timestamp": 1773895911577}
{"sessionId": "d94e12", "runId": "pre-fix", "hypothesisId": "H1", "location": "app.py:extract_features", "message": "Extracted features summary", "data": {"n_features": 22, "min": -6.849999904632568, "max": 154.1958041958042, "mean": 20.52757389118909, "first5": [131.16643902581194, 154.1958041958042, 108.62068965517241, 0.233273026544914, 0.002]}, "timestamp": 1773895911955}
{"sessionId": "d94e12", "runId": "pre-fix", "hypothesisId": "H2", "location": "app.py:scale_and_select", "message": "Scaled/selected feature vector", "data": {"scaler_loaded": true, "feature_indices_loaded": true, "scaled_len": 22, "scaled_min": -1.057803313389993, "scaled_max": 3.405385372814065}, "timestamp": 1773895911957}
{"sessionId": "d94e12", "runId": "pre-fix", "hypothesisId": "H3", "location": "app.py:predict", "message": "Model prediction raw outputs", "data": {"model_type": "<class 'utils.SimpleModel'>", "classes_": null, "prediction": 0, "decision_function": -119.97990957729989, "threshold_attr": -2.0}, "timestamp": 1773895911959}
{"sessionId": "d94e12", "runId": "pre-fix", "hypothesisId": "H0", "location": "app.py:startup", "message": "App started", "data": {"log_path": "C:\\Users\\Brindaa\\OneDrive\\Desktop\\Parkinsons\\debug-d94e12.log"}, "timestamp": 1773896464842}
{"sessionId": "d94e12", "runId": "pre-fix", "hypothesisId": "H0", "location": "app.py:startup", "message": "App started", "data": {"log_path": "C:\\Users\\Brindaa\\OneDrive\\Desktop\\Parkinsons\\debug-d94e12.log"}, "timestamp": 1773896469648}
{"sessionId": "d94e12", "runId": "pre-fix", "hypothesisId": "H0", "location": "app.py:startup", "message": "App started", "data": {"log_path": "C:\\Users\\Brindaa\\OneDrive\\Desktop\\Parkinsons\\debug-d94e12.log"}, "timestamp": 1773896474994}
{"sessionId": "d94e12", "runId": "pre-fix", "hypothesisId": "H0", "location": "app.py:startup", "message": "App started", "data": {"log_path": "C:\\Users\\Brindaa\\OneDrive\\Desktop\\Parkinsons\\debug-d94e12.log"}, "timestamp": 1773896476295}
{"sessionId": "d94e12", "runId": "pre-fix", "hypothesisId": "H4", "location": "app.py:load_audio", "message": "Audio loaded", "data": {"samples": 66150, "sr": 22050, "duration_s": 3.0, "dtype": "float32"}, "timestamp": 1773896476325}
{"sessionId": "d94e12", "runId": "pre-fix", "hypothesisId": "H1", "location": "app.py:extract_features", "message": "Extracted features summary", "data": {"n_features": 22, "min": -6.849999904632568, "max": 154.1958041958042, "mean": 20.52757389118909, "first5": [131.16643902581194, 154.1958041958042, 108.62068965517241, 0.233273026544914, 0.002]}, "timestamp": 1773896476755}
{"sessionId": "d94e12", "runId": "pre-fix", "hypothesisId": "H2", "location": "app.py:scale_and_select", "message": "Scaled/selected feature vector", "data": {"scaler_loaded": true, "feature_indices_loaded": true, "scaled_len": 22, "scaled_min": -1.057803313389993, "scaled_max": 3.405385372814065}, "timestamp": 1773896476757}
{"sessionId": "d94e12", "runId": "pre-fix", "hypothesisId": "H3", "location": "app.py:predict", "message": "Model prediction raw outputs", "data": {"model_type": "<class 'utils.SimpleModel'>", "classes_": null, "prediction": 0, "decision_function": -119.97990957729989, "threshold_attr": 733.0}, "timestamp": 1773896476759}
{"sessionId": "d94e12", "runId": "pre-fix", "hypothesisId": "H0", "location": "app.py:startup", "message": "App started", "data": {"log_path": "C:\\Users\\Brindaa\\OneDrive\\Desktop\\Parkinsons\\debug-d94e12.log"}, "timestamp": 1773896540255}
{"sessionId": "d94e12", "runId": "pre-fix", "hypothesisId": "H0", "location": "app.py:startup", "message": "App started", "data": {"log_path": "C:\\Users\\Brindaa\\OneDrive\\Desktop\\Parkinsons\\debug-d94e12.log"}, "timestamp": 1773896544997}
{"sessionId": "d94e12", "runId": "pre-fix", "hypothesisId": "H0", "location": "app.py:startup", "message": "App started", "data": {"log_path": "C:\\Users\\Brindaa\\OneDrive\\Desktop\\Parkinsons\\debug-d94e12.log"}, "timestamp": 1773896546790}
{"sessionId": "d94e12", "runId": "pre-fix", "hypothesisId": "H4", "location": "app.py:load_audio", "message": "Audio loaded", "data": {"samples": 66150, "sr": 22050, "duration_s": 3.0, "dtype": "float32"}, "timestamp": 1773896546829}
{"sessionId": "d94e12", "runId": "pre-fix", "hypothesisId": "H1", "location": "app.py:extract_features", "message": "Extracted features summary", "data": {"n_features": 22, "min": -6.849999904632568, "max": 154.1958041958042, "mean": 20.52757389118909, "first5": [131.16643902581194, 154.1958041958042, 108.62068965517241, 0.233273026544914, 0.002]}, "timestamp": 1773896547201}
{"sessionId": "d94e12", "runId": "pre-fix", "hypothesisId": "H2", "location": "app.py:scale_and_select", "message": "Scaled/selected feature vector", "data": {"scaler_loaded": true, "feature_indices_loaded": true, "scaled_len": 22, "scaled_min": -1.057803313389993, "scaled_max": 3.405385372814065}, "timestamp": 1773896547202}
{"sessionId": "d94e12", "runId": "pre-fix", "hypothesisId": "H3", "location": "app.py:predict", "message": "Model prediction raw outputs", "data": {"model_type": "<class 'utils.SimpleModel'>", "classes_": null, "prediction": 0, "decision_function": -119.97990957729989, "threshold_attr": 733.0}, "timestamp": 1773896547204}
{"sessionId": "d94e12", "runId": "pre-fix", "hypothesisId": "H0", "location": "app.py:startup", "message": "App started", "data": {"log_path": "C:\\Users\\Brindaa\\OneDrive\\Desktop\\Parkinsons\\debug-d94e12.log"}, "timestamp": 1773896617038}
{"sessionId": "d94e12", "runId": "pre-fix", "hypothesisId": "H0", "location": "app.py:startup", "message": "App started", "data": {"log_path": "C:\\Users\\Brindaa\\OneDrive\\Desktop\\Parkinsons\\debug-d94e12.log"}, "timestamp": 1773896617710}
{"sessionId": "d94e12", "runId": "pre-fix", "hypothesisId": "H0", "location": "app.py:startup", "message": "App started", "data": {"log_path": "C:\\Users\\Brindaa\\OneDrive\\Desktop\\Parkinsons\\debug-d94e12.log"}, "timestamp": 1773896619668}
{"sessionId": "d94e12", "runId": "pre-fix", "hypothesisId": "H4", "location": "app.py:load_audio", "message": "Audio loaded", "data": {"samples": 66150, "sr": 22050, "duration_s": 3.0, "dtype": "float32"}, "timestamp": 1773896619697}
{"sessionId": "d94e12", "runId": "pre-fix", "hypothesisId": "H1", "location": "app.py:extract_features", "message": "Extracted features summary", "data": {"n_features": 22, "min": -6.849999904632568, "max": 154.1958041958042, "mean": 20.52757389118909, "first5": [131.16643902581194, 154.1958041958042, 108.62068965517241, 0.233273026544914, 0.002]}, "timestamp": 1773896619982}
{"sessionId": "d94e12", "runId": "pre-fix", "hypothesisId": "H2", "location": "app.py:scale_and_select", "message": "Scaled/selected feature vector", "data": {"scaler_loaded": true, "feature_indices_loaded": true, "scaled_len": 22, "scaled_min": -1.057803313389993, "scaled_max": 3.405385372814065}, "timestamp": 1773896619983}
{"sessionId": "d94e12", "runId": "pre-fix", "hypothesisId": "H3", "location": "app.py:predict", "message": "Model prediction raw outputs", "data": {"model_type": "<class 'utils.SimpleModel'>", "classes_": null, "prediction": 1, "decision_function": -119.97990957729989, "threshold_attr": -351.0}, "timestamp": 1773896619984}
{"sessionId": "d94e12", "runId": "pre-fix", "hypothesisId": "H0", "location": "app.py:startup", "message": "App started", "data": {"log_path": "C:\\Users\\Brindaa\\OneDrive\\Desktop\\Parkinsons\\debug-d94e12.log"}, "timestamp": 1773896631235}
{"sessionId": "d94e12", "runId": "pre-fix", "hypothesisId": "H0", "location": "app.py:startup", "message": "App started", "data": {"log_path": "C:\\Users\\Brindaa\\OneDrive\\Desktop\\Parkinsons\\debug-d94e12.log"}, "timestamp": 1773896631516}
{"sessionId": "d94e12", "runId": "pre-fix", "hypothesisId": "H0", "location": "app.py:startup", "message": "App started", "data": {"log_path": "C:\\Users\\Brindaa\\OneDrive\\Desktop\\Parkinsons\\debug-d94e12.log"}, "timestamp": 1773896633923}
{"sessionId": "d94e12", "runId": "pre-fix", "hypothesisId": "H4", "location": "app.py:load_audio", "message": "Audio loaded", "data": {"samples": 66150, "sr": 22050, "duration_s": 3.0, "dtype": "float32"}, "timestamp": 1773896633945}
{"sessionId": "d94e12", "runId": "pre-fix", "hypothesisId": "H1", "location": "app.py:extract_features", "message": "Extracted features summary", "data": {"n_features": 22, "min": -6.849999904632568, "max": 153.125, "mean": 23.725281208976163, "first5": [150.01495882977378, 153.125, 146.02649006622516, 0.2062428247804483, 0.002]}, "timestamp": 1773896634260}
{"sessionId": "d94e12", "runId": "pre-fix", "hypothesisId": "H2", "location": "app.py:scale_and_select", "message": "Scaled/selected feature vector", "data": {"scaler_loaded": true, "feature_indices_loaded": true, "scaled_len": 22, "scaled_min": -1.1385920964660068, "scaled_max": 3.405385372814065}, "timestamp": 1773896634261}
{"sessionId": "d94e12", "runId": "pre-fix", "hypothesisId": "H3", "location": "app.py:predict", "message": "Model prediction raw outputs", "data": {"model_type": "<class 'utils.SimpleModel'>", "classes_": null, "prediction": 0, "decision_function": -384.56814525669216, "threshold_attr": -351.0}, "timestamp": 1773896634262}
{"sessionId": "d94e12", "runId": "pre-fix", "hypothesisId": "H0", "location": "app.py:startup", "message": "App started", "data": {"log_path": "C:\\Users\\Brindaa\\OneDrive\\Desktop\\Parkinsons\\debug-d94e12.log"}, "timestamp": 1773896640344}
{"sessionId": "d94e12", "runId": "pre-fix", "hypothesisId": "H0", "location": "app.py:startup", "message": "App started", "data": {"log_path": "C:\\Users\\Brindaa\\OneDrive\\Desktop\\Parkinsons\\debug-d94e12.log"}, "timestamp": 1773896640591}
{"sessionId": "d94e12", "runId": "pre-fix", "hypothesisId": "H0", "location": "app.py:startup", "message": "App started", "data": {"log_path": "C:\\Users\\Brindaa\\OneDrive\\Desktop\\Parkinsons\\debug-d94e12.log"}, "timestamp": 1773896641896}
{"sessionId": "d94e12", "runId": "pre-fix", "hypothesisId": "H4", "location": "app.py:load_audio", "message": "Audio loaded", "data": {"samples": 106560, "sr": 16000, "duration_s": 6.66, "dtype": "float32"}, "timestamp": 1773896641927}
{"sessionId": "d94e12", "runId": "pre-fix", "hypothesisId": "H1", "location": "app.py:extract_features", "message": "Extracted features summary", "data": {"n_features": 22, "min": -6.849999904632568, "max": 213.33333333333334, "mean": 30.739660961795195, "first5": [205.45267994501415, 213.33333333333334, 200.0, 0.20693936520311249, 0.002]}, "timestamp": 1773896642842}
{"sessionId": "d94e12", "runId": "pre-fix", "hypothesisId": "H2", "location": "app.py:scale_and_select", "message": "Scaled/selected feature vector", "data": {"scaler_loaded": true, "feature_indices_loaded": true, "scaled_len": 22, "scaled_min": -1.1365102528452806, "scaled_max": 3.405385372814065}, "timestamp": 1773896642844}
{"sessionId": "d94e12", "runId": "pre-fix", "hypothesisId": "H3", "location": "app.py:predict", "message": "Model prediction raw outputs", "data": {"model_type": "<class 'utils.SimpleModel'>", "classes_": null, "prediction": 1, "decision_function": -116.59063778301979, "threshold_attr": -351.0}, "timestamp": 1773896642847}
{"sessionId": "d94e12", "runId": "pre-fix", "hypothesisId": "H0", "location": "app.py:startup", "message": "App started", "data": {"log_path": "C:\\Users\\Brindaa\\OneDrive\\Desktop\\Parkinsons\\debug-d94e12.log"}, "timestamp": 1773896646947}
{"sessionId": "d94e12", "runId": "pre-fix", "hypothesisId": "H0", "location": "app.py:startup", "message": "App started", "data": {"log_path": "C:\\Users\\Brindaa\\OneDrive\\Desktop\\Parkinsons\\debug-d94e12.log"}, "timestamp": 1773896649257}
{"sessionId": "d94e12", "runId": "pre-fix", "hypothesisId": "H4", "location": "app.py:load_audio", "message": "Audio loaded", "data": {"samples": 106560, "sr": 16000, "duration_s": 6.66, "dtype": "float32"}, "timestamp": 1773896649278}
{"sessionId": "d94e12", "runId": "pre-fix", "hypothesisId": "H1", "location": "app.py:extract_features", "message": "Extracted features summary", "data": {"n_features": 22, "min": -6.849999904632568, "max": 213.33333333333334, "mean": 30.739660961795195, "first5": [205.45267994501415, 213.33333333333334, 200.0, 0.20693936520311249, 0.002]}, "timestamp": 1773896649817}
{"sessionId": "d94e12", "runId": "pre-fix", "hypothesisId": "H2", "location": "app.py:scale_and_select", "message": "Scaled/selected feature vector", "data": {"scaler_loaded": true, "feature_indices_loaded": true, "scaled_len": 22, "scaled_min": -1.1365102528452806, "scaled_max": 3.405385372814065}, "timestamp": 1773896649819}
{"sessionId": "d94e12", "runId": "pre-fix", "hypothesisId": "H3", "location": "app.py:predict", "message": "Model prediction raw outputs", "data": {"model_type": "<class 'utils.SimpleModel'>", "classes_": null, "prediction": 0, "decision_function": -116.59063778301979, "threshold_attr": -76.0}, "timestamp": 1773896649821}
{"sessionId": "d94e12", "runId": "pre-fix", "hypothesisId": "H0", "location": "app.py:startup", "message": "App started", "data": {"log_path": "C:\\Users\\Brindaa\\OneDrive\\Desktop\\Parkinsons\\debug-d94e12.log"}, "timestamp": 1773896656641}
{"sessionId": "d94e12", "runId": "pre-fix", "hypothesisId": "H0", "location": "app.py:startup", "message": "App started", "data": {"log_path": "C:\\Users\\Brindaa\\OneDrive\\Desktop\\Parkinsons\\debug-d94e12.log"}, "timestamp": 1773896656814}
{"sessionId": "d94e12", "runId": "pre-fix", "hypothesisId": "H0", "location": "app.py:startup", "message": "App started", "data": {"log_path": "C:\\Users\\Brindaa\\OneDrive\\Desktop\\Parkinsons\\debug-d94e12.log"}, "timestamp": 1773896657608}
{"sessionId": "d94e12", "runId": "pre-fix", "hypothesisId": "H4", "location": "app.py:load_audio", "message": "Audio loaded", "data": {"samples": 66150, "sr": 22050, "duration_s": 3.0, "dtype": "float32"}, "timestamp": 1773896657640}
{"sessionId": "d94e12", "runId": "pre-fix", "hypothesisId": "H1", "location": "app.py:extract_features", "message": "Extracted features summary", "data": {"n_features": 22, "min": -6.849999904632568, "max": 154.1958041958042, "mean": 20.52757389118909, "first5": [131.16643902581194, 154.1958041958042, 108.62068965517241, 0.233273026544914, 0.002]}, "timestamp": 1773896658121}
{"sessionId": "d94e12", "runId": "pre-fix", "hypothesisId": "H2", "location": "app.py:scale_and_select", "message": "Scaled/selected feature vector", "data": {"scaler_loaded": true, "feature_indices_loaded": true, "scaled_len": 22, "scaled_min": -1.057803313389993, "scaled_max": 3.405385372814065}, "timestamp": 1773896658122}
{"sessionId": "d94e12", "runId": "pre-fix", "hypothesisId": "H3", "location": "app.py:predict", "message": "Model prediction raw outputs", "data": {"model_type": "<class 'utils.SimpleModel'>", "classes_": null, "prediction": 0, "decision_function": -119.97990957729989, "threshold_attr": -76.0}, "timestamp": 1773896658124}
{"sessionId": "d94e12", "runId": "pre-fix", "hypothesisId": "H0", "location": "app.py:startup", "message": "App started", "data": {"log_path": "C:\\Users\\Brindaa\\OneDrive\\Desktop\\Parkinsons\\debug-d94e12.log"}, "timestamp": 1773896659098}
{"sessionId": "d94e12", "runId": "pre-fix", "hypothesisId": "H4", "location": "app.py:load_audio", "message": "Audio loaded", "data": {"samples": 66150, "sr": 22050, "duration_s": 3.0, "dtype": "float32"}, "timestamp": 1773896659121}
{"sessionId": "d94e12", "runId": "pre-fix", "hypothesisId": "H1", "location": "app.py:extract_features", "message": "Extracted features summary", "data": {"n_features": 22, "min": -6.849999904632568, "max": 154.1958041958042, "mean": 20.52757389118909, "first5": [131.16643902581194, 154.1958041958042, 108.62068965517241, 0.233273026544914, 0.002]}, "timestamp": 1773896659486}
{"sessionId": "d94e12", "runId": "pre-fix", "hypothesisId": "H2", "location": "app.py:scale_and_select", "message": "Scaled/selected feature vector", "data": {"scaler_loaded": true, "feature_indices_loaded": true, "scaled_len": 22, "scaled_min": -1.057803313389993, "scaled_max": 3.405385372814065}, "timestamp": 1773896659487}
{"sessionId": "d94e12", "runId": "pre-fix", "hypothesisId": "H3", "location": "app.py:predict", "message": "Model prediction raw outputs", "data": {"model_type": "<class 'utils.SimpleModel'>", "classes_": null, "prediction": 0, "decision_function": -119.97990957729989, "threshold_attr": -76.0}, "timestamp": 1773896659489}
{"sessionId": "d94e12", "runId": "pre-fix", "hypothesisId": "H0", "location": "app.py:startup", "message": "App started", "data": {"log_path": "C:\\Users\\Brindaa\\OneDrive\\Desktop\\Parkinsons\\debug-d94e12.log"}, "timestamp": 1773896660986}
{"sessionId": "d94e12", "runId": "pre-fix", "hypothesisId": "H4", "location": "app.py:load_audio", "message": "Audio loaded", "data": {"samples": 66150, "sr": 22050, "duration_s": 3.0, "dtype": "float32"}, "timestamp": 1773896661006}
{"sessionId": "d94e12", "runId": "pre-fix", "hypothesisId": "H1", "location": "app.py:extract_features", "message": "Extracted features summary", "data": {"n_features": 22, "min": -6.849999904632568, "max": 154.1958041958042, "mean": 20.52757389118909, "first5": [131.16643902581194, 154.1958041958042, 108.62068965517241, 0.233273026544914, 0.002]}, "timestamp": 1773896661292}
{"sessionId": "d94e12", "runId": "pre-fix", "hypothesisId": "H2", "location": "app.py:scale_and_select", "message": "Scaled/selected feature vector", "data": {"scaler_loaded": true, "feature_indices_loaded": true, "scaled_len": 22, "scaled_min": -1.057803313389993, "scaled_max": 3.405385372814065}, "timestamp": 1773896661293}
{"sessionId": "d94e12", "runId": "pre-fix", "hypothesisId": "H3", "location": "app.py:predict", "message": "Model prediction raw outputs", "data": {"model_type": "<class 'utils.SimpleModel'>", "classes_": null, "prediction": 0, "decision_function": -119.97990957729989, "threshold_attr": -76.0}, "timestamp": 1773896661294}
{"sessionId": "d94e12", "runId": "pre-fix", "hypothesisId": "H0", "location": "app.py:startup", "message": "App started", "data": {"log_path": "C:\\Users\\Brindaa\\OneDrive\\Desktop\\Parkinsons\\debug-d94e12.log"}, "timestamp": 1773896662712}
{"sessionId": "d94e12", "runId": "pre-fix", "hypothesisId": "H0", "location": "app.py:startup", "message": "App started", "data": {"log_path": "C:\\Users\\Brindaa\\OneDrive\\Desktop\\Parkinsons\\debug-d94e12.log"}, "timestamp": 1773896664528}
{"sessionId": "d94e12", "runId": "pre-fix", "hypothesisId": "H4", "location": "app.py:load_audio", "message": "Audio loaded", "data": {"samples": 66150, "sr": 22050, "duration_s": 3.0, "dtype": "float32"}, "timestamp": 1773896664546}
{"sessionId": "d94e12", "runId": "pre-fix", "hypothesisId": "H1", "location": "app.py:extract_features", "message": "Extracted features summary", "data": {"n_features": 22, "min": -6.849999904632568, "max": 154.1958041958042, "mean": 20.52757389118909, "first5": [131.16643902581194, 154.1958041958042, 108.62068965517241, 0.233273026544914, 0.002]}, "timestamp": 1773896664884}
{"sessionId": "d94e12", "runId": "pre-fix", "hypothesisId": "H2", "location": "app.py:scale_and_select", "message": "Scaled/selected feature vector", "data": {"scaler_loaded": true, "feature_indices_loaded": true, "scaled_len": 22, "scaled_min": -1.057803313389993, "scaled_max": 3.405385372814065}, "timestamp": 1773896664885}
{"sessionId": "d94e12", "runId": "pre-fix", "hypothesisId": "H3", "location": "app.py:predict", "message": "Model prediction raw outputs", "data": {"model_type": "<class 'utils.SimpleModel'>", "classes_": null, "prediction": 1, "decision_function": -119.97990957729989, "threshold_attr": -235.0}, "timestamp": 1773896664887}
{"sessionId": "d94e12", "runId": "pre-fix", "hypothesisId": "H0", "location": "app.py:startup", "message": "App started", "data": {"log_path": "C:\\Users\\Brindaa\\OneDrive\\Desktop\\Parkinsons\\debug-d94e12.log"}, "timestamp": 1773896671820}
{"sessionId": "d94e12", "runId": "pre-fix", "hypothesisId": "H0", "location": "app.py:startup", "message": "App started", "data": {"log_path": "C:\\Users\\Brindaa\\OneDrive\\Desktop\\Parkinsons\\debug-d94e12.log"}, "timestamp": 1773896672150}
{"sessionId": "d94e12", "runId": "pre-fix", "hypothesisId": "H0", "location": "app.py:startup", "message": "App started", "data": {"log_path": "C:\\Users\\Brindaa\\OneDrive\\Desktop\\Parkinsons\\debug-d94e12.log"}, "timestamp": 1773896672834}
{"sessionId": "d94e12", "runId": "pre-fix", "hypothesisId": "H4", "location": "app.py:load_audio", "message": "Audio loaded", "data": {"samples": 106560, "sr": 16000, "duration_s": 6.66, "dtype": "float32"}, "timestamp": 1773896672858}
{"sessionId": "d94e12", "runId": "pre-fix", "hypothesisId": "H1", "location": "app.py:extract_features", "message": "Extracted features summary", "data": {"n_features": 22, "min": -6.849999904632568, "max": 213.33333333333334, "mean": 30.739660961795195, "first5": [205.45267994501415, 213.33333333333334, 200.0, 0.20693936520311249, 0.002]}, "timestamp": 1773896673526}
{"sessionId": "d94e12", "runId": "pre-fix", "hypothesisId": "H2", "location": "app.py:scale_and_select", "message": "Scaled/selected feature vector", "data": {"scaler_loaded": true, "feature_indices_loaded": true, "scaled_len": 22, "scaled_min": -1.1365102528452806, "scaled_max": 3.405385372814065}, "timestamp": 1773896673527}
{"sessionId": "d94e12", "runId": "pre-fix", "hypothesisId": "H3", "location": "app.py:predict", "message": "Model prediction raw outputs", "data": {"model_type": "<class 'utils.SimpleModel'>", "classes_": null, "prediction": 1, "decision_function": -116.59063778301979, "threshold_attr": -235.0}, "timestamp": 1773896673529}
{"sessionId": "d94e12", "runId": "pre-fix", "hypothesisId": "H0", "location": "app.py:startup", "message": "App started", "data": {"log_path": "C:\\Users\\Brindaa\\OneDrive\\Desktop\\Parkinsons\\debug-d94e12.log"}, "timestamp": 1773896674647}
{"sessionId": "d94e12", "runId": "pre-fix", "hypothesisId": "H4", "location": "app.py:load_audio", "message": "Audio loaded", "data": {"samples": 106560, "sr": 16000, "duration_s": 6.66, "dtype": "float32"}, "timestamp": 1773896674671}
{"sessionId": "d94e12", "runId": "pre-fix", "hypothesisId": "H1", "location": "app.py:extract_features", "message": "Extracted features summary", "data": {"n_features": 22, "min": -6.849999904632568, "max": 213.33333333333334, "mean": 30.739660961795195, "first5": [205.45267994501415, 213.33333333333334, 200.0, 0.20693936520311249, 0.002]}, "timestamp": 1773896675310}
{"sessionId": "d94e12", "runId": "pre-fix", "hypothesisId": "H2", "location": "app.py:scale_and_select", "message": "Scaled/selected feature vector", "data": {"scaler_loaded": true, "feature_indices_loaded": true, "scaled_len": 22, "scaled_min": -1.1365102528452806, "scaled_max": 3.405385372814065}, "timestamp": 1773896675312}
{"sessionId": "d94e12", "runId": "pre-fix", "hypothesisId": "H3", "location": "app.py:predict", "message": "Model prediction raw outputs", "data": {"model_type": "<class 'utils.SimpleModel'>", "classes_": null, "prediction": 1, "decision_function": -116.59063778301979, "threshold_attr": -235.0}, "timestamp": 1773896675315}
{"sessionId": "d94e12", "runId": "pre-fix", "hypothesisId": "H0", "location": "app.py:startup", "message": "App started", "data": {"log_path": "C:\\Users\\Brindaa\\OneDrive\\Desktop\\Parkinsons\\debug-d94e12.log"}, "timestamp": 1773896677061}
{"sessionId": "d94e12", "runId": "pre-fix", "hypothesisId": "H0", "location": "app.py:startup", "message": "App started", "data": {"log_path": "C:\\Users\\Brindaa\\OneDrive\\Desktop\\Parkinsons\\debug-d94e12.log"}, "timestamp": 1773896678955}
{"sessionId": "d94e12", "runId": "pre-fix", "hypothesisId": "H4", "location": "app.py:load_audio", "message": "Audio loaded", "data": {"samples": 106560, "sr": 16000, "duration_s": 6.66, "dtype": "float32"}, "timestamp": 1773896678987}
{"sessionId": "d94e12", "runId": "pre-fix", "hypothesisId": "H1", "location": "app.py:extract_features", "message": "Extracted features summary", "data": {"n_features": 22, "min": -6.849999904632568, "max": 213.33333333333334, "mean": 30.739660961795195, "first5": [205.45267994501415, 213.33333333333334, 200.0, 0.20693936520311249, 0.002]}, "timestamp": 1773896679554}
{"sessionId": "d94e12", "runId": "pre-fix", "hypothesisId": "H2", "location": "app.py:scale_and_select", "message": "Scaled/selected feature vector", "data": {"scaler_loaded": true, "feature_indices_loaded": true, "scaled_len": 22, "scaled_min": -1.1365102528452806, "scaled_max": 3.405385372814065}, "timestamp": 1773896679556}
{"sessionId": "d94e12", "runId": "pre-fix", "hypothesisId": "H3", "location": "app.py:predict", "message": "Model prediction raw outputs", "data": {"model_type": "<class 'utils.SimpleModel'>", "classes_": null, "prediction": 0, "decision_function": -116.59063778301979, "threshold_attr": -90.0}, "timestamp": 1773896679557}
{"sessionId": "d94e12", "runId": "pre-fix", "hypothesisId": "H0", "location": "app.py:startup", "message": "App started", "data": {"log_path": "C:\\Users\\Brindaa\\OneDrive\\Desktop\\Parkinsons\\debug-d94e12.log"}, "timestamp": 1773896688256}
{"sessionId": "d94e12", "runId": "pre-fix", "hypothesisId": "H0", "location": "app.py:startup", "message": "App started", "data": {"log_path": "C:\\Users\\Brindaa\\OneDrive\\Desktop\\Parkinsons\\debug-d94e12.log"}, "timestamp": 1773896688336}
{"sessionId": "d94e12", "runId": "pre-fix", "hypothesisId": "H0", "location": "app.py:startup", "message": "App started", "data": {"log_path": "C:\\Users\\Brindaa\\OneDrive\\Desktop\\Parkinsons\\debug-d94e12.log"}, "timestamp": 1773896691509}
{"sessionId": "d94e12", "runId": "pre-fix", "hypothesisId": "H4", "location": "app.py:load_audio", "message": "Audio loaded", "data": {"samples": 66150, "sr": 22050, "duration_s": 3.0, "dtype": "float32"}, "timestamp": 1773896691548}
{"sessionId": "d94e12", "runId": "pre-fix", "hypothesisId": "H1", "location": "app.py:extract_features", "message": "Extracted features summary", "data": {"n_features": 22, "min": -6.849999904632568, "max": 154.1958041958042, "mean": 20.52757389118909, "first5": [131.16643902581194, 154.1958041958042, 108.62068965517241, 0.233273026544914, 0.002]}, "timestamp": 1773896691844}
{"sessionId": "d94e12", "runId": "pre-fix", "hypothesisId": "H2", "location": "app.py:scale_and_select", "message": "Scaled/selected feature vector", "data": {"scaler_loaded": true, "feature_indices_loaded": true, "scaled_len": 22, "scaled_min": -1.057803313389993, "scaled_max": 3.405385372814065}, "timestamp": 1773896691846}
{"sessionId": "d94e12", "runId": "pre-fix", "hypothesisId": "H3", "location": "app.py:predict", "message": "Model prediction raw outputs", "data": {"model_type": "<class 'utils.SimpleModel'>", "classes_": null, "prediction": 0, "decision_function": -119.97990957729989, "threshold_attr": -90.0}, "timestamp": 1773896691848}
{"sessionId": "d94e12", "runId": "pre-fix", "hypothesisId": "H0", "location": "app.py:startup", "message": "App started", "data": {"log_path": "C:\\Users\\Brindaa\\OneDrive\\Desktop\\Parkinsons\\debug-d94e12.log"}, "timestamp": 1773896694969}
{"sessionId": "d94e12", "runId": "pre-fix", "hypothesisId": "H0", "location": "app.py:startup", "message": "App started", "data": {"log_path": "C:\\Users\\Brindaa\\OneDrive\\Desktop\\Parkinsons\\debug-d94e12.log"}, "timestamp": 1773896695544}
{"sessionId": "d94e12", "runId": "pre-fix", "hypothesisId": "H0", "location": "app.py:startup", "message": "App started", "data": {"log_path": "C:\\Users\\Brindaa\\OneDrive\\Desktop\\Parkinsons\\debug-d94e12.log"}, "timestamp": 1773896697644}
{"sessionId": "d94e12", "runId": "pre-fix", "hypothesisId": "H4", "location": "app.py:load_audio", "message": "Audio loaded", "data": {"samples": 66150, "sr": 22050, "duration_s": 3.0, "dtype": "float32"}, "timestamp": 1773896697661}
{"sessionId": "d94e12", "runId": "pre-fix", "hypothesisId": "H1", "location": "app.py:extract_features", "message": "Extracted features summary", "data": {"n_features": 22, "min": -6.849999904632568, "max": 154.1958041958042, "mean": 20.52757389118909, "first5": [131.16643902581194, 154.1958041958042, 108.62068965517241, 0.233273026544914, 0.002]}, "timestamp": 1773896697970}
{"sessionId": "d94e12", "runId": "pre-fix", "hypothesisId": "H2", "location": "app.py:scale_and_select", "message": "Scaled/selected feature vector", "data": {"scaler_loaded": true, "feature_indices_loaded": true, "scaled_len": 22, "scaled_min": -1.057803313389993, "scaled_max": 3.405385372814065}, "timestamp": 1773896697971}
{"sessionId": "d94e12", "runId": "pre-fix", "hypothesisId": "H3", "location": "app.py:predict", "message": "Model prediction raw outputs", "data": {"model_type": "<class 'utils.SimpleModel'>", "classes_": null, "prediction": 1, "decision_function": -119.97990957729989, "threshold_attr": -259.0}, "timestamp": 1773896697972}
{"sessionId": "d94e12", "runId": "pre-fix", "hypothesisId": "H0", "location": "app.py:startup", "message": "App started", "data": {"log_path": "C:\\Users\\Brindaa\\OneDrive\\Desktop\\Parkinsons\\debug-d94e12.log"}, "timestamp": 1773896750666}
{"sessionId": "d94e12", "runId": "pre-fix", "hypothesisId": "H0", "location": "app.py:startup", "message": "App started", "data": {"log_path": "C:\\Users\\Brindaa\\OneDrive\\Desktop\\Parkinsons\\debug-d94e12.log"}, "timestamp": 1773896756124}
{"sessionId": "d94e12", "runId": "pre-fix", "hypothesisId": "H0", "location": "app.py:startup", "message": "App started", "data": {"log_path": "C:\\Users\\Brindaa\\OneDrive\\Desktop\\Parkinsons\\debug-d94e12.log"}, "timestamp": 1773896757782}
{"sessionId": "d94e12", "runId": "pre-fix", "hypothesisId": "H0", "location": "app.py:startup", "message": "App started", "data": {"log_path": "C:\\Users\\Brindaa\\OneDrive\\Desktop\\Parkinsons\\debug-d94e12.log"}, "timestamp": 1773896759284}
{"sessionId": "d94e12", "runId": "pre-fix", "hypothesisId": "H0", "location": "app.py:startup", "message": "App started", "data": {"log_path": "C:\\Users\\Brindaa\\OneDrive\\Desktop\\Parkinsons\\debug-d94e12.log"}, "timestamp": 1773896760565}
{"sessionId": "d94e12", "runId": "pre-fix", "hypothesisId": "H0", "location": "app.py:startup", "message": "App started", "data": {"log_path": "C:\\Users\\Brindaa\\OneDrive\\Desktop\\Parkinsons\\debug-d94e12.log"}, "timestamp": 1773896762064}
{"sessionId": "d94e12", "runId": "pre-fix", "hypothesisId": "H0", "location": "app.py:startup", "message": "App started", "data": {"log_path": "C:\\Users\\Brindaa\\OneDrive\\Desktop\\Parkinsons\\debug-d94e12.log"}, "timestamp": 1773896763450}
{"sessionId": "d94e12", "runId": "pre-fix", "hypothesisId": "H0", "location": "app.py:startup", "message": "App started", "data": {"log_path": "C:\\Users\\Brindaa\\OneDrive\\Desktop\\Parkinsons\\debug-d94e12.log"}, "timestamp": 1773896765320}
{"sessionId": "d94e12", "runId": "pre-fix", "hypothesisId": "H0", "location": "app.py:startup", "message": "App started", "data": {"log_path": "C:\\Users\\Brindaa\\OneDrive\\Desktop\\Parkinsons\\debug-d94e12.log"}, "timestamp": 1773896766702}
{"sessionId": "d94e12", "runId": "pre-fix", "hypothesisId": "H0", "location": "app.py:startup", "message": "App started", "data": {"log_path": "C:\\Users\\Brindaa\\OneDrive\\Desktop\\Parkinsons\\debug-d94e12.log"}, "timestamp": 1773896768943}
{"sessionId": "d94e12", "runId": "pre-fix", "hypothesisId": "H4", "location": "app.py:load_audio", "message": "Audio loaded", "data": {"samples": 66150, "sr": 22050, "duration_s": 3.0, "dtype": "float32"}, "timestamp": 1773896768966}
{"sessionId": "d94e12", "runId": "pre-fix", "hypothesisId": "H1", "location": "app.py:extract_features", "message": "Extracted features summary", "data": {"n_features": 22, "min": -6.849999904632568, "max": 154.1958041958042, "mean": 20.52757389118909, "first5": [131.16643902581194, 154.1958041958042, 108.62068965517241, 0.233273026544914, 0.002]}, "timestamp": 1773896769293}
{"sessionId": "d94e12", "runId": "pre-fix", "hypothesisId": "H2", "location": "app.py:scale_and_select", "message": "Scaled/selected feature vector", "data": {"scaler_loaded": true, "feature_indices_loaded": true, "scaled_len": 22, "scaled_min": -1.057803313389993, "scaled_max": 3.405385372814065}, "timestamp": 1773896769294}
{"sessionId": "d94e12", "runId": "pre-fix", "hypothesisId": "H3", "location": "app.py:predict", "message": "Model prediction raw outputs", "data": {"model_type": "<class 'utils.SimpleModel'>", "classes_": null, "prediction": 0, "decision_function": -119.97990957729989, "threshold_attr": 21.0}, "timestamp": 1773896769296}
{"sessionId": "d94e12", "runId": "pre-fix", "hypothesisId": "H0", "location": "app.py:startup", "message": "App started", "data": {"log_path": "C:\\Users\\Brindaa\\OneDrive\\Desktop\\Parkinsons\\debug-d94e12.log"}, "timestamp": 1773896773708}
{"sessionId": "d94e12", "runId": "pre-fix", "hypothesisId": "H0", "location": "app.py:startup", "message": "App started", "data": {"log_path": "C:\\Users\\Brindaa\\OneDrive\\Desktop\\Parkinsons\\debug-d94e12.log"}, "timestamp": 1773896774962}
{"sessionId": "d94e12", "runId": "pre-fix", "hypothesisId": "H4", "location": "app.py:load_audio", "message": "Audio loaded", "data": {"samples": 66150, "sr": 22050, "duration_s": 3.0, "dtype": "float32"}, "timestamp": 1773896774987}
{"sessionId": "d94e12", "runId": "pre-fix", "hypothesisId": "H1", "location": "app.py:extract_features", "message": "Extracted features summary", "data": {"n_features": 22, "min": -6.849999904632568, "max": 154.1958041958042, "mean": 20.52757389118909, "first5": [131.16643902581194, 154.1958041958042, 108.62068965517241, 0.233273026544914, 0.002]}, "timestamp": 1773896775313}
{"sessionId": "d94e12", "runId": "pre-fix", "hypothesisId": "H2", "location": "app.py:scale_and_select", "message": "Scaled/selected feature vector", "data": {"scaler_loaded": true, "feature_indices_loaded": true, "scaled_len": 22, "scaled_min": -1.057803313389993, "scaled_max": 3.405385372814065}, "timestamp": 1773896775314}
{"sessionId": "d94e12", "runId": "pre-fix", "hypothesisId": "H3", "location": "app.py:predict", "message": "Model prediction raw outputs", "data": {"model_type": "<class 'utils.SimpleModel'>", "classes_": null, "prediction": 1, "decision_function": -119.97990957729989, "threshold_attr": -298.0}, "timestamp": 1773896775316}
{"sessionId": "d94e12", "runId": "pre-fix", "hypothesisId": "H0", "location": "app.py:startup", "message": "App started", "data": {"log_path": "C:\\Users\\Brindaa\\OneDrive\\Desktop\\Parkinsons\\debug-d94e12.log"}, "timestamp": 1773896781620}
{"sessionId": "d94e12", "runId": "pre-fix", "hypothesisId": "H0", "location": "app.py:startup", "message": "App started", "data": {"log_path": "C:\\Users\\Brindaa\\OneDrive\\Desktop\\Parkinsons\\debug-d94e12.log"}, "timestamp": 1773896781794}
{"sessionId": "d94e12", "runId": "pre-fix", "hypothesisId": "H0", "location": "app.py:startup", "message": "App started", "data": {"log_path": "C:\\Users\\Brindaa\\OneDrive\\Desktop\\Parkinsons\\debug-d94e12.log"}, "timestamp": 1773896786228}
{"sessionId": "d94e12", "runId": "pre-fix", "hypothesisId": "H4", "location": "app.py:load_audio", "message": "Audio loaded", "data": {"samples": 66150, "sr": 22050, "duration_s": 3.0, "dtype": "float32"}, "timestamp": 1773896786245}
{"sessionId": "d94e12", "runId": "pre-fix", "hypothesisId": "H1", "location": "app.py:extract_features", "message": "Extracted features summary", "data": {"n_features": 22, "min": -6.849999904632568, "max": 153.125, "mean": 23.725281208976163, "first5": [150.01495882977378, 153.125, 146.02649006622516, 0.2062428247804483, 0.002]}, "timestamp": 1773896786569}
{"sessionId": "d94e12", "runId": "pre-fix", "hypothesisId": "H2", "location": "app.py:scale_and_select", "message": "Scaled/selected feature vector", "data": {"scaler_loaded": true, "feature_indices_loaded": true, "scaled_len": 22, "scaled_min": -1.1385920964660068, "scaled_max": 3.405385372814065}, "timestamp": 1773896786570}
{"sessionId": "d94e12", "runId": "pre-fix", "hypothesisId": "H3", "location": "app.py:predict", "message": "Model prediction raw outputs", "data": {"model_type": "<class 'utils.SimpleModel'>", "classes_": null, "prediction": 0, "decision_function": -384.56814525669216, "threshold_attr": -298.0}, "timestamp": 1773896786573}
{"sessionId": "d94e12", "runId": "pre-fix", "hypothesisId": "H0", "location": "app.py:startup", "message": "App started", "data": {"log_path": "C:\\Users\\Brindaa\\OneDrive\\Desktop\\Parkinsons\\debug-d94e12.log"}, "timestamp": 1773896796320}
{"sessionId": "d94e12", "runId": "pre-fix", "hypothesisId": "H0", "location": "app.py:startup", "message": "App started", "data": {"log_path": "C:\\Users\\Brindaa\\OneDrive\\Desktop\\Parkinsons\\debug-d94e12.log"}, "timestamp": 1773896796582}
{"sessionId": "d94e12", "runId": "pre-fix", "hypothesisId": "H0", "location": "app.py:startup", "message": "App started", "data": {"log_path": "C:\\Users\\Brindaa\\OneDrive\\Desktop\\Parkinsons\\debug-d94e12.log"}, "timestamp": 1773896797050}
{"sessionId": "d94e12", "runId": "pre-fix", "hypothesisId": "H4", "location": "app.py:load_audio", "message": "Audio loaded", "data": {"samples": 106560, "sr": 16000, "duration_s": 6.66, "dtype": "float32"}, "timestamp": 1773896797277}
{"sessionId": "d94e12", "runId": "pre-fix", "hypothesisId": "H1", "location": "app.py:extract_features", "message": "Extracted features summary", "data": {"n_features": 22, "min": -6.849999904632568, "max": 213.33333333333334, "mean": 30.739660961795195, "first5": [205.45267994501415, 213.33333333333334, 200.0, 0.20693936520311249, 0.002]}, "timestamp": 1773896798008}
{"sessionId": "d94e12", "runId": "pre-fix", "hypothesisId": "H2", "location": "app.py:scale_and_select", "message": "Scaled/selected feature vector", "data": {"scaler_loaded": true, "feature_indices_loaded": true, "scaled_len": 22, "scaled_min": -1.1365102528452806, "scaled_max": 3.405385372814065}, "timestamp": 1773896798009}
{"sessionId": "d94e12", "runId": "pre-fix", "hypothesisId": "H3", "location": "app.py:predict", "message": "Model prediction raw outputs", "data": {"model_type": "<class 'utils.SimpleModel'>", "classes_": null, "prediction": 1, "decision_function": -116.59063778301979, "threshold_attr": -298.0}, "timestamp": 1773896798011}
{"sessionId": "d94e12", "runId": "pre-fix", "hypothesisId": "H0", "location": "app.py:startup", "message": "App started", "data": {"log_path": "C:\\Users\\Brindaa\\OneDrive\\Desktop\\Parkinsons\\debug-d94e12.log"}, "timestamp": 1773896799653}
{"sessionId": "d94e12", "runId": "pre-fix", "hypothesisId": "H4", "location": "app.py:load_audio", "message": "Audio loaded", "data": {"samples": 106560, "sr": 16000, "duration_s": 6.66, "dtype": "float32"}, "timestamp": 1773896799676}
{"sessionId": "d94e12", "runId": "pre-fix", "hypothesisId": "H1", "location": "app.py:extract_features", "message": "Extracted features summary", "data": {"n_features": 22, "min": -6.849999904632568, "max": 213.33333333333334, "mean": 30.739660961795195, "first5": [205.45267994501415, 213.33333333333334, 200.0, 0.20693936520311249, 0.002]}, "timestamp": 1773896800214}
{"sessionId": "d94e12", "runId": "pre-fix", "hypothesisId": "H2", "location": "app.py:scale_and_select", "message": "Scaled/selected feature vector", "data": {"scaler_loaded": true, "feature_indices_loaded": true, "scaled_len": 22, "scaled_min": -1.1365102528452806, "scaled_max": 3.405385372814065}, "timestamp": 1773896800215}
{"sessionId": "d94e12", "runId": "pre-fix", "hypothesisId": "H3", "location": "app.py:predict", "message": "Model prediction raw outputs", "data": {"model_type": "<class 'utils.SimpleModel'>", "classes_": null, "prediction": 1, "decision_function": -116.59063778301979, "threshold_attr": -298.0}, "timestamp": 1773896800217}
{"sessionId": "d94e12", "runId": "pre-fix", "hypothesisId": "H0", "location": "app.py:startup", "message": "App started", "data": {"log_path": "C:\\Users\\Brindaa\\OneDrive\\Desktop\\Parkinsons\\debug-d94e12.log"}, "timestamp": 1773896858580}
{"sessionId": "d94e12", "runId": "pre-fix", "hypothesisId": "H0", "location": "app.py:startup", "message": "App started", "data": {"log_path": "C:\\Users\\Brindaa\\OneDrive\\Desktop\\Parkinsons\\debug-d94e12.log"}, "timestamp": 1773896858959}
{"sessionId": "d94e12", "runId": "pre-fix", "hypothesisId": "H0", "location": "app.py:startup", "message": "App started", "data": {"log_path": "C:\\Users\\Brindaa\\OneDrive\\Desktop\\Parkinsons\\debug-d94e12.log"}, "timestamp": 1773896860118}
{"sessionId": "d94e12", "runId": "pre-fix", "hypothesisId": "H4", "location": "app.py:load_audio", "message": "Audio loaded", "data": {"samples": 331680, "sr": 48000, "duration_s": 6.91, "dtype": "float32"}, "timestamp": 1773896860157}
{"sessionId": "d94e12", "runId": "pre-fix", "hypothesisId": "H1", "location": "app.py:extract_features", "message": "Extracted features summary", "data": {"n_features": 22, "min": -6.849999904632568, "max": 217.1945701357466, "mean": 30.879999383022824, "first5": [209.82130476137553, 217.1945701357466, 203.38983050847457, 0.2065112763618113, 0.002]}, "timestamp": 1773896862449}
{"sessionId": "d94e12", "runId": "pre-fix", "hypothesisId": "H2", "location": "app.py:scale_and_select", "message": "Scaled/selected feature vector", "data": {"scaler_loaded": true, "feature_indices_loaded": true, "scaled_len": 22, "scaled_min": -1.9538774322951034, "scaled_max": 3.7177897808777245}, "timestamp": 1773896862451}
{"sessionId": "d94e12", "runId": "pre-fix", "hypothesisId": "H3", "location": "app.py:predict", "message": "Model prediction raw outputs", "data": {"model_type": "<class 'utils.SimpleModel'>", "classes_": null, "prediction": 1, "decision_function": 134.8797914940373, "threshold_attr": -298.0}, "timestamp": 1773896862454}
{"sessionId": "d94e12", "runId": "pre-fix", "hypothesisId": "H0", "location": "app.py:startup", "message": "App started", "data": {"log_path": "C:\\Users\\Brindaa\\OneDrive\\Desktop\\Parkinsons\\debug-d94e12.log"}, "timestamp": 1774340220313}
{"sessionId": "d94e12", "runId": "pre-fix", "hypothesisId": "H0", "location": "app.py:startup", "message": "App started", "data": {"log_path": "C:\\Users\\Brindaa\\OneDrive\\Desktop\\Parkinsons\\debug-d94e12.log"}, "timestamp": 1774340249549}
{"sessionId": "d94e12", "runId": "pre-fix", "hypothesisId": "H0", "location": "app.py:startup", "message": "App started", "data": {"log_path": "C:\\Users\\Brindaa\\OneDrive\\Desktop\\Parkinsons\\debug-d94e12.log"}, "timestamp": 1774340250833}
{"sessionId": "d94e12", "runId": "pre-fix", "hypothesisId": "H4", "location": "app.py:load_audio", "message": "Audio loaded", "data": {"samples": 66150, "sr": 22050, "duration_s": 3.0, "dtype": "float32"}, "timestamp": 1774340259221}
{"sessionId": "d94e12", "runId": "pre-fix", "hypothesisId": "H1", "location": "app.py:extract_features", "message": "Extracted features summary", "data": {"n_features": 22, "min": -6.849999904632568, "max": 154.1958041958042, "mean": 20.52757389118909, "first5": [131.16643902581194, 154.1958041958042, 108.62068965517241, 0.233273026544914, 0.002]}, "timestamp": 1774340269686}
{"sessionId": "d94e12", "runId": "pre-fix", "hypothesisId": "H2", "location": "app.py:scale_and_select", "message": "Scaled/selected feature vector", "data": {"scaler_loaded": true, "feature_indices_loaded": true, "scaled_len": 22, "scaled_min": -1.057803313389993, "scaled_max": 3.405385372814065}, "timestamp": 1774340269688}
{"sessionId": "d94e12", "runId": "pre-fix", "hypothesisId": "H3", "location": "app.py:predict", "message": "Model prediction raw outputs", "data": {"model_type": "<class 'utils.SimpleModel'>", "classes_": null, "prediction": 0, "decision_function": -119.97990957729989, "threshold_attr": 24.648900051937687}, "timestamp": 1774340269689}
{"sessionId": "d94e12", "runId": "pre-fix", "hypothesisId": "H0", "location": "app.py:startup", "message": "App started", "data": {"log_path": "C:\\Users\\Brindaa\\OneDrive\\Desktop\\Parkinsons\\debug-d94e12.log"}, "timestamp": 1774340273664}
{"sessionId": "d94e12", "runId": "pre-fix", "hypothesisId": "H0", "location": "app.py:startup", "message": "App started", "data": {"log_path": "C:\\Users\\Brindaa\\OneDrive\\Desktop\\Parkinsons\\debug-d94e12.log"}, "timestamp": 1774340275209}
{"sessionId": "d94e12", "runId": "pre-fix", "hypothesisId": "H4", "location": "app.py:load_audio", "message": "Audio loaded", "data": {"samples": 66150, "sr": 22050, "duration_s": 3.0, "dtype": "float32"}, "timestamp": 1774340275227}
{"sessionId": "d94e12", "runId": "pre-fix", "hypothesisId": "H1", "location": "app.py:extract_features", "message": "Extracted features summary", "data": {"n_features": 22, "min": -6.849999904632568, "max": 154.1958041958042, "mean": 20.52757389118909, "first5": [131.16643902581194, 154.1958041958042, 108.62068965517241, 0.233273026544914, 0.002]}, "timestamp": 1774340275484}
{"sessionId": "d94e12", "runId": "pre-fix", "hypothesisId": "H2", "location": "app.py:scale_and_select", "message": "Scaled/selected feature vector", "data": {"scaler_loaded": true, "feature_indices_loaded": true, "scaled_len": 22, "scaled_min": -1.057803313389993, "scaled_max": 3.405385372814065}, "timestamp": 1774340275486}
{"sessionId": "d94e12", "runId": "pre-fix", "hypothesisId": "H3", "location": "app.py:predict", "message": "Model prediction raw outputs", "data": {"model_type": "<class 'utils.SimpleModel'>", "classes_": null, "prediction": 1, "decision_function": -119.97990957729989, "threshold_attr": -346.0}, "timestamp": 1774340275487}
{"sessionId": "d94e12", "runId": "pre-fix", "hypothesisId": "H0", "location": "app.py:startup", "message": "App started", "data": {"log_path": "C:\\Users\\Brindaa\\OneDrive\\Desktop\\Parkinsons\\debug-d94e12.log"}, "timestamp": 1774628941061}
{"sessionId": "d94e12", "runId": "pre-fix", "hypothesisId": "H0", "location": "app.py:startup", "message": "App started", "data": {"log_path": "C:\\Users\\Brindaa\\OneDrive\\Desktop\\Parkinsons\\debug-d94e12.log"}, "timestamp": 1775299517879}
{"sessionId": "d94e12", "runId": "pre-fix", "hypothesisId": "H0", "location": "app.py:startup", "message": "App started", "data": {"log_path": "C:\\Users\\Brindaa\\OneDrive\\Desktop\\Parkinsons\\debug-d94e12.log"}, "timestamp": 1775299570178}
{"sessionId": "d94e12", "runId": "pre-fix", "hypothesisId": "H0", "location": "app.py:startup", "message": "App started", "data": {"log_path": "C:\\Users\\Brindaa\\OneDrive\\Desktop\\Parkinsons\\debug-d94e12.log"}, "timestamp": 1775299571691}
{"sessionId": "d94e12", "runId": "pre-fix", "hypothesisId": "H4", "location": "app.py:load_audio", "message": "Audio loaded", "data": {"samples": 66150, "sr": 22050, "duration_s": 3.0, "dtype": "float32"}, "timestamp": 1775299586073}
{"sessionId": "d94e12", "runId": "pre-fix", "hypothesisId": "H1", "location": "app.py:extract_features", "message": "Extracted features summary", "data": {"n_features": 22, "min": -6.85, "max": 154.1958041958042, "mean": 20.527573871435308, "first5": [131.16643902581194, 154.1958041958042, 108.62068965517241, 0.233273026544914, 0.002]}, "timestamp": 1775299601625}
{"sessionId": "d94e12", "runId": "pre-fix", "hypothesisId": "H2", "location": "app.py:scale_and_select", "message": "Scaled/selected feature vector", "data": {"scaler_loaded": true, "feature_indices_loaded": true, "scaled_len": 22, "scaled_min": -1.057803313389993, "scaled_max": 3.405385172650007}, "timestamp": 1775299601628}
{"sessionId": "d94e12", "runId": "pre-fix", "hypothesisId": "H3", "location": "app.py:predict", "message": "Model prediction raw outputs", "data": {"model_type": "<class 'utils.SimpleModel'>", "classes_": null, "prediction": 0, "decision_function": -119.9798912367506, "threshold_attr": 24.648900051937687}, "timestamp": 1775299601631}
{"sessionId": "d94e12", "runId": "pre-fix", "hypothesisId": "H0", "location": "app.py:startup", "message": "App started", "data": {"log_path": "C:\\Users\\Brindaa\\OneDrive\\Desktop\\Parkinsons\\debug-d94e12.log"}, "timestamp": 1775299607630}
{"sessionId": "d94e12", "runId": "pre-fix", "hypothesisId": "H0", "location": "app.py:startup", "message": "App started", "data": {"log_path": "C:\\Users\\Brindaa\\OneDrive\\Desktop\\Parkinsons\\debug-d94e12.log"}, "timestamp": 1775299607633}
{"sessionId": "d94e12", "runId": "pre-fix", "hypothesisId": "H4", "location": "app.py:load_audio", "message": "Audio loaded", "data": {"samples": 66150, "sr": 22050, "duration_s": 3.0, "dtype": "float32"}, "timestamp": 1775299607797}
{"sessionId": "d94e12", "runId": "pre-fix", "hypothesisId": "H1", "location": "app.py:extract_features", "message": "Extracted features summary", "data": {"n_features": 22, "min": -6.85, "max": 154.1958041958042, "mean": 20.527573871435308, "first5": [131.16643902581194, 154.1958041958042, 108.62068965517241, 0.233273026544914, 0.002]}, "timestamp": 1775299608312}
{"sessionId": "d94e12", "runId": "pre-fix", "hypothesisId": "H2", "location": "app.py:scale_and_select", "message": "Scaled/selected feature vector", "data": {"scaler_loaded": true, "feature_indices_loaded": true, "scaled_len": 22, "scaled_min": -1.057803313389993, "scaled_max": 3.405385172650007}, "timestamp": 1775299608313}
{"sessionId": "d94e12", "runId": "pre-fix", "hypothesisId": "H3", "location": "app.py:predict", "message": "Model prediction raw outputs", "data": {"model_type": "<class 'utils.SimpleModel'>", "classes_": null, "prediction": 1, "decision_function": -119.9798912367506, "threshold_attr": -346.0}, "timestamp": 1775299608316}
{"sessionId": "d94e12", "runId": "pre-fix", "hypothesisId": "H0", "location": "app.py:startup", "message": "App started", "data": {"log_path": "C:\\Users\\Brindaa\\OneDrive\\Desktop\\Parkinsons\\debug-d94e12.log"}, "timestamp": 1775305471232}
{"sessionId": "d94e12", "runId": "pre-fix", "hypothesisId": "H0", "location": "app.py:startup", "message": "App started", "data": {"log_path": "C:\\Users\\Brindaa\\OneDrive\\Desktop\\Parkinsons\\debug-d94e12.log"}, "timestamp": 1775305478370}
{"sessionId": "d94e12", "runId": "pre-fix", "hypothesisId": "H0", "location": "app.py:startup", "message": "App started", "data": {"log_path": "C:\\Users\\Brindaa\\OneDrive\\Desktop\\Parkinsons\\debug-d94e12.log"}, "timestamp": 1775305479727}
{"sessionId": "d94e12", "runId": "pre-fix", "hypothesisId": "H0", "location": "app.py:startup", "message": "App started", "data": {"log_path": "C:\\Users\\Brindaa\\OneDrive\\Desktop\\Parkinsons\\debug-d94e12.log"}, "timestamp": 1775305480233}
{"sessionId": "d94e12", "runId": "pre-fix", "hypothesisId": "H0", "location": "app.py:startup", "message": "App started", "data": {"log_path": "C:\\Users\\Brindaa\\OneDrive\\Desktop\\Parkinsons\\debug-d94e12.log"}, "timestamp": 1775305481347}
{"sessionId": "d94e12", "runId": "pre-fix", "hypothesisId": "H4", "location": "app.py:load_audio", "message": "Audio loaded", "data": {"samples": 66150, "sr": 22050, "duration_s": 3.0, "dtype": "float32"}, "timestamp": 1775305484301}
{"sessionId": "d94e12", "runId": "pre-fix", "hypothesisId": "H1", "location": "app.py:extract_features", "message": "Extracted features summary", "data": {"n_features": 22, "min": -6.85, "max": 154.1958041958042, "mean": 20.527573871435308, "first5": [131.16643902581194, 154.1958041958042, 108.62068965517241, 0.233273026544914, 0.002]}, "timestamp": 1775305485431}
{"sessionId": "d94e12", "runId": "pre-fix", "hypothesisId": "H2", "location": "app.py:scale_and_select", "message": "Scaled/selected feature vector", "data": {"scaler_loaded": true, "feature_indices_loaded": true, "scaled_len": 22, "scaled_min": -1.057803313389993, "scaled_max": 3.405385172650007}, "timestamp": 1775305485431}
{"sessionId": "d94e12", "runId": "pre-fix", "hypothesisId": "H3", "location": "app.py:predict", "message": "Model prediction raw outputs", "data": {"model_type": "<class 'utils.SimpleModel'>", "classes_": null, "prediction": 1, "decision_function": -119.9798912367506, "threshold_attr": -351.0}, "timestamp": 1775305485444}
{"sessionId": "d94e12", "runId": "pre-fix", "hypothesisId": "H0", "location": "app.py:startup", "message": "App started", "data": {"log_path": "C:\\Users\\Brindaa\\OneDrive\\Desktop\\Parkinsons\\debug-d94e12.log"}, "timestamp": 1775321218830}
{"sessionId": "d94e12", "runId": "pre-fix", "hypothesisId": "H0", "location": "app.py:startup", "message": "App started", "data": {"log_path": "C:\\Users\\Brindaa\\OneDrive\\Desktop\\Parkinsons\\debug-d94e12.log"}, "timestamp": 1775798323252}
{"sessionId": "d94e12", "runId": "pre-fix", "hypothesisId": "H0", "location": "app.py:startup", "message": "App started", "data": {"log_path": "C:\\Users\\Brindaa\\OneDrive\\Desktop\\Parkinsons\\debug-d94e12.log"}, "timestamp": 1775798427846}
{"sessionId": "d94e12", "runId": "pre-fix", "hypothesisId": "H0", "location": "app.py:startup", "message": "App started", "data": {"log_path": "C:\\Users\\Brindaa\\OneDrive\\Desktop\\Parkinsons\\debug-d94e12.log"}, "timestamp": 1775798430793}
{"sessionId": "d94e12", "runId": "pre-fix", "hypothesisId": "H0", "location": "app.py:startup", "message": "App started", "data": {"log_path": "C:\\Users\\Brindaa\\OneDrive\\Desktop\\Parkinsons\\debug-d94e12.log"}, "timestamp": 1775798431878}
{"sessionId": "d94e12", "runId": "pre-fix", "hypothesisId": "H0", "location": "app.py:startup", "message": "App started", "data": {"log_path": "C:\\Users\\Brindaa\\OneDrive\\Desktop\\Parkinsons\\debug-d94e12.log"}, "timestamp": 1775798437008}
{"sessionId": "d94e12", "runId": "pre-fix", "hypothesisId": "H4", "location": "app.py:load_audio", "message": "Audio loaded", "data": {"samples": 66150, "sr": 22050, "duration_s": 3.0, "dtype": "float32"}, "timestamp": 1775798447526}
{"sessionId": "d94e12", "runId": "pre-fix", "hypothesisId": "H1", "location": "app.py:extract_features", "message": "Extracted features summary", "data": {"n_features": 22, "min": -6.85, "max": 154.1958041958042, "mean": 20.527573871435308, "first5": [131.16643902581194, 154.1958041958042, 108.62068965517241, 0.233273026544914, 0.002]}, "timestamp": 1775798450424}
{"sessionId": "d94e12", "runId": "pre-fix", "hypothesisId": "H2", "location": "app.py:scale_and_select", "message": "Scaled/selected feature vector", "data": {"scaler_loaded": true, "feature_indices_loaded": true, "scaled_len": 22, "scaled_min": -1.057803313389993, "scaled_max": 3.405385172650007}, "timestamp": 1775798450429}
{"sessionId": "d94e12", "runId": "pre-fix", "hypothesisId": "H3", "location": "app.py:predict", "message": "Model prediction raw outputs", "data": {"model_type": "<class 'utils.SimpleModel'>", "classes_": null, "prediction": 1, "decision_function": -119.9798912367506, "threshold_attr": -225.0}, "timestamp": 1775798450436}
{"sessionId": "d94e12", "runId": "pre-fix", "hypothesisId": "H0", "location": "app.py:startup", "message": "App started", "data": {"log_path": "C:\\Users\\Brindaa\\OneDrive\\Desktop\\Parkinsons\\debug-d94e12.log"}, "timestamp": 1775798489687}
{"sessionId": "d94e12", "runId": "pre-fix", "hypothesisId": "H0", "location": "app.py:startup", "message": "App started", "data": {"log_path": "C:\\Users\\Brindaa\\OneDrive\\Desktop\\Parkinsons\\debug-d94e12.log"}, "timestamp": 1775798495521}
{"sessionId": "d94e12", "runId": "pre-fix", "hypothesisId": "H0", "location": "app.py:startup", "message": "App started", "data": {"log_path": "C:\\Users\\Brindaa\\OneDrive\\Desktop\\Parkinsons\\debug-d94e12.log"}, "timestamp": 1775798498015}
{"sessionId": "d94e12", "runId": "pre-fix", "hypothesisId": "H4", "location": "app.py:load_audio", "message": "Audio loaded", "data": {"samples": 66150, "sr": 22050, "duration_s": 3.0, "dtype": "float32"}, "timestamp": 1775798498083}
{"sessionId": "d94e12", "runId": "pre-fix", "hypothesisId": "H1", "location": "app.py:extract_features", "message": "Extracted features summary", "data": {"n_features": 22, "min": -6.85, "max": 153.125, "mean": 23.72528124051395, "first5": [150.01495882977378, 153.125, 146.02649006622516, 0.2062428247804483, 0.002]}, "timestamp": 1775798498914}
{"sessionId": "d94e12", "runId": "pre-fix", "hypothesisId": "H2", "location": "app.py:scale_and_select", "message": "Scaled/selected feature vector", "data": {"scaler_loaded": true, "feature_indices_loaded": true, "scaled_len": 22, "scaled_min": -1.1385920964660068, "scaled_max": 3.405385172650007}, "timestamp": 1775798498918}
{"sessionId": "d94e12", "runId": "pre-fix", "hypothesisId": "H3", "location": "app.py:predict", "message": "Model prediction raw outputs", "data": {"model_type": "<class 'utils.SimpleModel'>", "classes_": null, "prediction": 0, "decision_function": -384.5681456129602, "threshold_attr": -225.0}, "timestamp": 1775798498921}
